Xshell 6 (Build 0095)
Copyright (c) 2002 NetSarang Computer, Inc. All rights reserved.

Type `help' to learn how to use Xshell prompt.
[C:\~]$ 

Connecting to 192.168.166.128:22...
Connection established.
To escape to local shell, press 'Ctrl+Alt+]'.

Last login: Fri Dec  7 02:40:09 2018 from 192.168.166.1
[shangqi@localhost ~]$ ls
aa.txt  Desktop  Documents  Downloads  Music  Pictures  Public  st  Templates  Videos
[shangqi@localhost ~]$ cd aa.txt
-bash: cd: aa.txt: Not a directory
[shangqi@localhost ~]$ cd st
[shangqi@localhost st]$ ls
aa.txt  passwd  te
[shangqi@localhost st]$ echo "ancdef"
ancdef
[shangqi@localhost st]$ echo "ancdef" >> passwd
[shangqi@localhost st]$ echo "hello" >> passwd
[shangqi@localhost st]$ echo "hello" >> aa.txt
[shangqi@localhost st]$ echo "helhalo" >> aa.txt
[shangqi@localhost st]$ 
Socket error Event: 32 Error: 10053.
Connection closing...Socket close.

Connection closed by foreign host.

Disconnected from remote host(shangqi1) at 21:48:42.

Type `help' to learn how to use Xshell prompt.
[C:\~]$ 
