Xshell 6 (Build 0095)
Copyright (c) 2002 NetSarang Computer, Inc. All rights reserved.

Type `help' to learn how to use Xshell prompt.
[C:\~]$ 

Connecting to 192.168.166.129:22...
Connection established.
To escape to local shell, press 'Ctrl+Alt+]'.

Last login: Tue Dec 18 06:26:42 2018
[shangqi@localhost ~]$ ls
Desktop    Downloads   Music     Public     Videos
Documents  Linux ‘¡∂1  Pictures  Templates
[shangqi@localhost ~]$ cd Linux ‘¡∂1/
[shangqi@localhost Linux ‘¡∂1]$ ls
c ‘¡∂  FileTest
[shangqi@localhost Linux ‘¡∂1]$ cd c ‘¡∂/
[shangqi@localhost c ‘¡∂]$ ls
Test1.c
[shangqi@localhost c ‘¡∂]$ cd Test1.c
-bash: cd: Test1.c: Not a directory
[shangqi@localhost c ‘¡∂]$ cat Test1.c 
#include<stdio.h>

int main()
{
  int a=1;
  printf("hello world\n");
  return 0;
}

[shangqi@localhost c ‘¡∂]$ cat -n Test1.c 
     1	#include<stdio.h>
     2	
     3	int main()
     4	{
     5	  int a=1;
     6	  printf("hello world\n");
     7	  return 0;
     8	}
     9	
[shangqi@localhost c ‘¡∂]$ data
bash: data: command not found...
[shangqi@localhost c ‘¡∂]$ date
Tue Dec 18 06:42:27 PST 2018
[shangqi@localhost c ‘¡∂]$ date -s "2018-12-17 22:44:00"
date: cannot set date: Operation not permitted
Mon Dec 17 22:44:00 PST 2018
[shangqi@localhost c ‘¡∂]$ vim Test1.c 
[shangqi@localhost c ‘¡∂]$ cd -
/home/shangqi/Linux ‘¡∂1
[shangqi@localhost Linux ‘¡∂1]$ ls
c ‘¡∂  FileTest
[shangqi@localhost Linux ‘¡∂1]$ cd FileTest/
[shangqi@localhost FileTest]$ ls
passwd
[shangqi@localhost FileTest]$ more passwd 
root:x:0:0:root:/root:/bin/bash
bin:x:1:1:bin:/bin:/sbin/nologin
daemon:x:2:2:daemon:/sbin:/sbin/nologin
adm:x:3:4:adm:/var/adm:/sbin/nologin
lp:x:4:7:lp:/var/spool/lpd:/sbin/nologin
sync:x:5:0:sync:/sbin:/bin/sync
shutdown:x:6:0:shutdown:/sbin:/sbin/shutdown
halt:x:7:0:halt:/sbin:/sbin/halt
mail:x:8:12:mail:/var/spool/mail:/sbin/nologin
operator:x:11:0:operator:/root:/sbin/nologin
games:x:12:100:games:/usr/games:/sbin/nologin
ftp:x:14:50:FTP User:/var/ftp:/sbin/nologin
nobody:x:99:99:Nobody:/:/sbin/nologin
dbus:x:81:81:System message bus:/:/sbin/nologin
polkitd:x:999:998:User for polkitd:/:/sbin/nologin
abrt:x:173:173::/etc/abrt:/sbin/nologin
unbound:x:998:996:Unbound DNS resolver:/etc/unbound:/sbin/nologin
colord:x:997:995:User for colord:/var/lib/colord:/sbin/nologin
usbmuxd:x:113:113:usbmuxd user:/:/sbin/nologin
ntp:x:38:38::/etc/ntp:/sbin/nologin
avahi:x:70:70:Avahi mDNS/DNS-SD Stack:/var/run/avahi-daemon:/sbin/nologin
avahi-autoipd:x:170:170:Avahi IPv4LL Stack:/var/lib/avahi-autoipd:/sbin/nologin
saslauth:x:996:76:"Saslauthd user":/run/saslauthd:/sbin/nologin
qemu:x:107:107:qemu user:/:/sbin/nologin
libstoragemgmt:x:995:994:daemon account for libstoragemgmt:/var/run/lsm:/sbin/nolog
in
rpc:x:32:32:Rpcbind Daemon:/var/lib/rpcbind:/sbin/nologin
rpcuser:x:29:29:RPC Service User:/var/lib/nfs:/sbin/nologin
nfsnobody:x:65534:65534:Anonymous NFS User:/var/lib/nfs:/sbin/nologin
rtkit:x:172:172:RealtimeKit:/proc:/sbin/nologin
chrony:x:994:993::/var/lib/chrony:/sbin/nologin
radvd:x:75:75:radvd user:/:/sbin/nologin
pulse:x:171:171:PulseAudio System Daemon:/var/run/pulse:/sbin/nologin
gdm:x:42:42::/var/lib/gdm:/sbin/nologin
gnome-initial-setup:x:993:991::/run/gnome-initial-setup/:/sbin/nologin
postfix:x:89:89::/var/spool/postfix:/sbin/nologin
sshd:x:74:74:Privilege-separated SSH:/var/empty/sshd:/sbin/nologin
tcpdump:x:72:72::/:/sbin/nologin
shangqi:x:1000:1000:Linux:/home/shangqi:/bin/bash
8848:x:1001:1001::/home/8848:/bin/bash
[shangqi@localhost FileTest]$ tail -10
^[[A^H^H^C
[shangqi@localhost FileTest]$ tail -10 passwd 
chrony:x:994:993::/var/lib/chrony:/sbin/nologin
radvd:x:75:75:radvd user:/:/sbin/nologin
pulse:x:171:171:PulseAudio System Daemon:/var/run/pulse:/sbin/nologin
gdm:x:42:42::/var/lib/gdm:/sbin/nologin
gnome-initial-setup:x:993:991::/run/gnome-initial-setup/:/sbin/nologin
postfix:x:89:89::/var/spool/postfix:/sbin/nologin
sshd:x:74:74:Privilege-separated SSH:/var/empty/sshd:/sbin/nologin
tcpdump:x:72:72::/:/sbin/nologin
shangqi:x:1000:1000:Linux:/home/shangqi:/bin/bash
8848:x:1001:1001::/home/8848:/bin/bash
[shangqi@localhost FileTest]$ tail -f
tail: warning: following standard input indefinitely is ineffective
tail -f ^[[2~^C
[shangqi@localhost FileTest]$ tail -f passwd 
chrony:x:994:993::/var/lib/chrony:/sbin/nologin
radvd:x:75:75:radvd user:/:/sbin/nologin
pulse:x:171:171:PulseAudio System Daemon:/var/run/pulse:/sbin/nologin
gdm:x:42:42::/var/lib/gdm:/sbin/nologin
gnome-initial-setup:x:993:991::/run/gnome-initial-setup/:/sbin/nologin
postfix:x:89:89::/var/spool/postfix:/sbin/nologin
sshd:x:74:74:Privilege-separated SSH:/var/empty/sshd:/sbin/nologin
tcpdump:x:72:72::/:/sbin/nologin
shangqi:x:1000:1000:Linux:/home/shangqi:/bin/bash
8848:x:1001:1001::/home/8848:/bin/bash
◊∑º” ˝æ›hello
^C
[shangqi@localhost FileTest]$ 
Socket error Event: 32 Error: 10053.
Connection closing...Socket close.

Connection closed by foreign host.

Disconnected from remote host(SQ) at 23:28:01.

Type `help' to learn how to use Xshell prompt.
[C:\~]$ 

Connecting to 192.168.166.129:22...
Connection established.
To escape to local shell, press 'Ctrl+Alt+]'.

Last login: Tue Dec 18 07:16:50 2018 from 192.168.166.1
[shangqi@localhost ~]$ 
Socket error Event: 32 Error: 10053.
Connection closing...Socket close.

Connection closed by foreign host.

Disconnected from remote host(SQ) at 23:29:27.

Type `help' to learn how to use Xshell prompt.
[C:\~]$ 

Connecting to 192.168.166.129:22...
Could not connect to '192.168.166.129' (port 22): Connection failed.

Type `help' to learn how to use Xshell prompt.
[C:\~]$ 

Connecting to 192.168.166.129:22...
Connection established.
To escape to local shell, press 'Ctrl+Alt+]'.

Last login: Tue Dec 18 07:28:38 2018 from 192.168.166.1
[shangqi@localhost ~]$ ls
Desktop    Downloads   Music     Public     Videos
Documents  Linux ‘¡∂1  Pictures  Templates
[shangqi@localhost ~]$ cd Linux ‘¡∂1/
[shangqi@localhost Linux ‘¡∂1]$ ls
c ‘¡∂  FileTest
[shangqi@localhost Linux ‘¡∂1]$ ls FileTest/
passwd
[shangqi@localhost Linux ‘¡∂1]$ touch first.txt
[shangqi@localhost Linux ‘¡∂1]$ ls
c ‘¡∂  FileTest  first.txt
[shangqi@localhost Linux ‘¡∂1]$ zip cd FileTest/
  adding: FileTest/ (stored 0%)
[shangqi@localhost Linux ‘¡∂1]$ ls
cd.zip  c ‘¡∂  FileTest  first.txt
[shangqi@localhost Linux ‘¡∂1]$ rm cd.zip
[shangqi@localhost Linux ‘¡∂1]$ ls
c ‘¡∂  FileTest  first.txt
[shangqi@localhost Linux ‘¡∂1]$ cp first.txt FileTest/
[shangqi@localhost Linux ‘¡∂1]$ ls
c ‘¡∂  FileTest  first.txt
[shangqi@localhost Linux ‘¡∂1]$ cd FileTest/
[shangqi@localhost FileTest]$ LS
bash: LS: command not found...
Similar command is: 'ls'
[shangqi@localhost FileTest]$ ls
first.txt  passwd
[shangqi@localhost FileTest]$ cd -
/home/shangqi/Linux ‘¡∂1
[shangqi@localhost Linux ‘¡∂1]$ ls
c ‘¡∂  FileTest  first.txt
[shangqi@localhost Linux ‘¡∂1]$ rm first.txt
[shangqi@localhost Linux ‘¡∂1]$ ls
c ‘¡∂  FileTest
[shangqi@localhost Linux ‘¡∂1]$ cd FileTest/
[shangqi@localhost FileTest]$ ls
first.txt  passwd
[shangqi@localhost FileTest]$ tar -czvf passwad.tar.gz first.txt passwd 
first.txt
passwd
[shangqi@localhost FileTest]$ ls
first.txt  passwad.tar.gz  passwd
[shangqi@localhost FileTest]$ rm first.txt 
[shangqi@localhost FileTest]$ ls
passwad.tar.gz  passwd
[shangqi@localhost FileTest]$ rm passwd
[shangqi@localhost FileTest]$ ls
passwad.tar.gz
[shangqi@localhost FileTest]$ tail -xzvf passwad.tar.gz 
tail: invalid option -- 'x'
Try 'tail --help' for more information.
[shangqi@localhost FileTest]$ tar -xzvf passwad.tar.gz 
first.txt
passwd
[shangqi@localhost FileTest]$ ls
first.txt  passwad.tar.gz  passwd
[shangqi@localhost FileTest]$ -l
bash: -l: command not found...
[shangqi@localhost FileTest]$ ls -l
total 8
-rw-rw-r--. 1 shangqi shangqi    0 Dec 18 07:37 first.txt
-rw-rw-r--. 1 shangqi shangqi  955 Dec 18 07:42 passwad.tar.gz
-rw-r--r--. 1 shangqi shangqi 1972 Dec 18 07:24 passwd
[shangqi@localhost FileTest]$ su root
Password: 
[root@localhost FileTest]# date -s 23:49:59
Tue Dec 18 23:49:59 PST 2018
[root@localhost FileTest]# date
Tue Dec 18 23:50:18 PST 2018
[root@localhost FileTest]# su
[root@localhost FileTest]# su shangqi
[shangqi@localhost FileTest]$ ls
first.txt  passwad.tar.gz  passwd
[shangqi@localhost FileTest]$ find -passwd
find: unknown predicate `-passwd'
[shangqi@localhost FileTest]$ find -name passw
[shangqi@localhost FileTest]$ ls
first.txt  passwad.tar.gz  passwd
[shangqi@localhost FileTest]$ cd ~
[shangqi@localhost ~]$ ls
Desktop    Downloads   Music     Public     Videos
Documents  Linux ‘¡∂1  Pictures  Templates
[shangqi@localhost ~]$ stat
stat: missing operand
Try 'stat --help' for more information.
[shangqi@localhost ~]$ stat Linux ‘¡∂1/
  File: °ÆLinux ‘¡∂1/°Ø
  Size: 35        	Blocks: 0          IO Block: 4096   directory
Device: 803h/2051d	Inode: 36118170    Links: 4
Access: (0775/drwxrwxr-x)  Uid: ( 1000/ shangqi)   Gid: ( 1000/ shangqi)
Context: unconfined_u:object_r:user_home_t:s0
Access: 2018-12-18 07:38:13.344831787 -0800
Modify: 2018-12-18 07:38:12.032838875 -0800
Change: 2018-12-18 07:38:12.032838875 -0800
 Birth: -
[shangqi@localhost ~]$ 
